[27192:1] 2026-07-27 16:16:45.599 [0x6990(3) InitializeLog] [SET_LOGPATH] %programdata%\Geni\Insights\logs\cmon.cmd.exe.log
[27192:1] 2026-07-27 16:16:45.600 [0x6990(0) CxCommonApi::LogModuleInfo] [MODULE LOADING] ModuleName cmon64.dll, Version [2.0.0.1], ModulePath C:\Program Files\Geni\Insights\temp\cmon64.dll ModifiedTime 2025-07-24 14:40:34
[27192:1] 2026-07-27 16:16:45.600 [0x6990(183) CxConsoleMonitor::Initialize] [Initialize]
[27192:1] 2026-07-27 16:16:45.601 [0x6990(183) CxSensorPipeClient::Initialize] [Initialize]
[27192:1] 2026-07-27 16:16:45.601 [0x6990(0) CxThreadPool::Initialize] Queue init : OutputQue 0, nThreadPoolSize : 1
[27192:1] 2026-07-27 16:16:45.602 [0x6990(183) CxThreadPool::CreateThreadPool] Create 1 WorkerThread
[27192:1] 2026-07-27 16:16:45.602 [0x6990(183) CxConsoleMonitor::InstallHook] [InstallHook]
[27192:1] 2026-07-27 16:16:45.603 [0x6990(126) CxConsoleMonitor::xGetProcAddress] [GET_PROC_ADDR] ReadConsoleW from kernelbase.dll
[27192:1] 2026-07-27 16:16:45.603 [0x6990(183) CxConsoleMonitor::InstallHook] [INSTALL_HOOK] ReadConsoleW : cmd.exe:27192
[27192:1] 2026-07-27 16:16:45.603 [0x6990(183) CxConsoleMonitor::xGetProcAddress] [GET_PROC_ADDR] ReadConsoleInputW from kernelbase.dll
[27192:1] 2026-07-27 16:16:45.604 [0x6990(183) CxConsoleMonitor::InstallHook] [INSTALL_HOOK] RealReadConsoleInputW : cmd.exe:27192
[27192:1] 2026-07-27 16:16:45.604 [0x6990(183) CxConsoleMonitor::InstallHook] [SUCCESS]
[27192:1] 2026-07-27 16:16:45.604 [0x6990(183) CxConsoleMonitor::GetCmonProfileInfo] [REQ_CMON_PROFILE] 
[27192:1] 2026-07-27 16:16:45.604 [0x6990(0) CxConsoleMonitor::Initialize] [/Initialize] SUCCESS
[27192:1] 2026-07-27 16:16:45.606 [0x549C(87) CxThreadPool::ThreadEntry] Worker Thread begins
[27192:1] 2026-07-27 16:16:45.607 [0x549C(1) CxSensorPipeClient::SendJson] [SEND][ReqType:4] {
   "PID" : 27192,
   "ProcPath" : "C:\\Windows\\system32\\cmd.exe",
   "ReqType" : "xSensorRequestType_GetCmonProfile"
}

[27192:1] 2026-07-27 16:16:45.607 [0x549C(183) CxSensorPipeClient::SendJson] [RECV] {
   "MaxConsoleInputLength" : 999
}

[27192:1] 2026-07-27 16:16:45.608 [0x549C(183) CxConsoleMonitor::PipeResponseCallback] [RES_CALLBACK]
[27192:1] 2026-07-27 16:16:45.608 [0x549C(183) CxConsoleMonitor::PipeResponseCallback] [CMON_PROFILE] MaxConsoleInputLength : 999
[27192:1] 2026-07-27 16:16:45.829 [0x6990(126) CxConsoleMonitor::Uninitialize] [Uninitialize]
[27192:1] 2026-07-27 16:16:45.830 [0x6990(183) CxSensorPipeClient::Uninitialize] [Uninitialize]
[27192:1] 2026-07-27 16:16:45.830 [0x6990(183) CxSensorPipeClient::Uninitialize] [/Uninitialize]
[27192:1] 2026-07-27 16:16:45.830 [0x6990(183) CxConsoleMonitor::Uninitialize] [/Uninitialize] SUCCESS
